app/admin/page.tsx(25,8): error TS2307: Cannot find module '@/components/ui/table' or its corresponding type declarations.
app/admin/page.tsx(26,26): error TS2307: Cannot find module '@/components/ui/checkbox' or its corresponding type declarations.
app/admin/page.tsx(27,34): error TS2307: Cannot find module '@/lib/supabase/client-config' or its corresponding type declarations.
app/admin/page.tsx(328,5): error TS17004: Cannot use JSX unless the '--jsx' flag is provided.
app/admin/page.tsx(329,7): error TS17004: Cannot use JSX unless the '--jsx' flag is provided.
app/admin/page.tsx(334,7): error TS17004: Cannot use JSX unless the '--jsx' flag is provided.
app/admin/page.tsx(335,9): error TS17004: Cannot use JSX unless the '--jsx' flag is provided.
app/admin/page.tsx(342,9): error TS17004: Cannot use JSX unless the '--jsx' flag is provided.
app/admin/page.tsx(345,9): error TS17004: Cannot use JSX unless the '--jsx' flag is provided.
app/admin/page.tsx(367,5): error TS17004: Cannot use JSX unless the '--jsx' flag is provided.
app/admin/page.tsx(369,7): error TS17004: Cannot use JSX unless the '--jsx' flag is provided.
app/admin/page.tsx(370,9): error TS17004: Cannot use JSX unless the '--jsx' flag is provided.
app/admin/page.tsx(371,11): error TS17004: Cannot use JSX unless the '--jsx' flag is provided.
app/admin/page.tsx(372,13): error TS17004: Cannot use JSX unless the '--jsx' flag is provided.
app/admin/page.tsx(373,13): error TS17004: Cannot use JSX unless the '--jsx' flag is provided.
app/admin/page.tsx(377,11): error TS17004: Cannot use JSX unless the '--jsx' flag is provided.
app/admin/page.tsx(382,13): error TS17004: Cannot use JSX unless the '--jsx' flag is provided.
app/admin/page.tsx(388,7): error TS17004: Cannot use JSX unless the '--jsx' flag is provided.
app/admin/page.tsx(390,9): error TS17004: Cannot use JSX unless the '--jsx' flag is provided.
app/admin/page.tsx(391,11): error TS17004: Cannot use JSX unless the '--jsx' flag is provided.
app/admin/page.tsx(392,13): error TS17004: Cannot use JSX unless the '--jsx' flag is provided.
app/admin/page.tsx(395,13): error TS17004: Cannot use JSX unless the '--jsx' flag is provided.
app/admin/page.tsx(399,11): error TS17004: Cannot use JSX unless the '--jsx' flag is provided.
app/admin/page.tsx(400,13): error TS17004: Cannot use JSX unless the '--jsx' flag is provided.
app/admin/page.tsx(403,13): error TS17004: Cannot use JSX unless the '--jsx' flag is provided.
app/admin/page.tsx(407,11): error TS17004: Cannot use JSX unless the '--jsx' flag is provided.
app/admin/page.tsx(408,13): error TS17004: Cannot use JSX unless the '--jsx' flag is provided.
app/admin/page.tsx(411,13): error TS17004: Cannot use JSX unless the '--jsx' flag is provided.
app/admin/page.tsx(415,11): error TS17004: Cannot use JSX unless the '--jsx' flag is provided.
app/admin/page.tsx(416,13): error TS17004: Cannot use JSX unless the '--jsx' flag is provided.
app/admin/page.tsx(419,13): error TS17004: Cannot use JSX unless the '--jsx' flag is provided.
app/admin/page.tsx(425,9): error TS17004: Cannot use JSX unless the '--jsx' flag is provided.
app/admin/page.tsx(426,11): error TS17004: Cannot use JSX unless the '--jsx' flag is provided.
app/admin/page.tsx(439,19): error TS17004: Cannot use JSX unless the '--jsx' flag is provided.
app/admin/page.tsx(452,13): error TS17004: Cannot use JSX unless the '--jsx' flag is provided.
app/admin/page.tsx(453,15): error TS17004: Cannot use JSX unless the '--jsx' flag is provided.
app/admin/page.tsx(456,15): error TS17004: Cannot use JSX unless the '--jsx' flag is provided.
app/admin/page.tsx(464,15): error TS17004: Cannot use JSX unless the '--jsx' flag is provided.
app/admin/page.tsx(483,11): error TS17004: Cannot use JSX unless the '--jsx' flag is provided.
app/admin/page.tsx(484,13): error TS17004: Cannot use JSX unless the '--jsx' flag is provided.
app/admin/page.tsx(485,15): error TS17004: Cannot use JSX unless the '--jsx' flag is provided.
app/admin/page.tsx(486,17): error TS17004: Cannot use JSX unless the '--jsx' flag is provided.
app/admin/page.tsx(487,17): error TS17004: Cannot use JSX unless the '--jsx' flag is provided.
app/admin/page.tsx(491,15): error TS17004: Cannot use JSX unless the '--jsx' flag is provided.
app/admin/page.tsx(492,17): error TS17004: Cannot use JSX unless the '--jsx' flag is provided.
app/admin/page.tsx(499,17): error TS17004: Cannot use JSX unless the '--jsx' flag is provided.
app/admin/page.tsx(510,13): error TS17004: Cannot use JSX unless the '--jsx' flag is provided.
app/admin/page.tsx(511,15): error TS17004: Cannot use JSX unless the '--jsx' flag is provided.
app/admin/page.tsx(512,17): error TS17004: Cannot use JSX unless the '--jsx' flag is provided.
app/admin/page.tsx(513,17): error TS17004: Cannot use JSX unless the '--jsx' flag is provided.
app/admin/page.tsx(525,15): error TS17004: Cannot use JSX unless the '--jsx' flag is provided.
app/admin/page.tsx(526,17): error TS17004: Cannot use JSX unless the '--jsx' flag is provided.
app/admin/page.tsx(527,17): error TS17004: Cannot use JSX unless the '--jsx' flag is provided.
app/admin/page.tsx(539,15): error TS17004: Cannot use JSX unless the '--jsx' flag is provided.
app/admin/page.tsx(540,17): error TS17004: Cannot use JSX unless the '--jsx' flag is provided.
app/admin/page.tsx(541,17): error TS17004: Cannot use JSX unless the '--jsx' flag is provided.
app/admin/page.tsx(553,15): error TS17004: Cannot use JSX unless the '--jsx' flag is provided.
app/admin/page.tsx(554,17): error TS17004: Cannot use JSX unless the '--jsx' flag is provided.
app/admin/page.tsx(555,17): error TS17004: Cannot use JSX unless the '--jsx' flag is provided.
app/admin/page.tsx(567,15): error TS17004: Cannot use JSX unless the '--jsx' flag is provided.
app/admin/page.tsx(568,17): error TS17004: Cannot use JSX unless the '--jsx' flag is provided.
app/admin/page.tsx(569,17): error TS17004: Cannot use JSX unless the '--jsx' flag is provided.
app/admin/page.tsx(581,15): error TS17004: Cannot use JSX unless the '--jsx' flag is provided.
app/admin/page.tsx(582,17): error TS17004: Cannot use JSX unless the '--jsx' flag is provided.
app/admin/page.tsx(583,17): error TS17004: Cannot use JSX unless the '--jsx' flag is provided.
app/admin/page.tsx(601,11): error TS17004: Cannot use JSX unless the '--jsx' flag is provided.
app/admin/page.tsx(602,13): error TS17004: Cannot use JSX unless the '--jsx' flag is provided.
app/admin/page.tsx(603,13): error TS17004: Cannot use JSX unless the '--jsx' flag is provided.
app/admin/page.tsx(609,11): error TS17004: Cannot use JSX unless the '--jsx' flag is provided.
app/admin/page.tsx(610,13): error TS17004: Cannot use JSX unless the '--jsx' flag is provided.
app/admin/page.tsx(611,13): error TS17004: Cannot use JSX unless the '--jsx' flag is provided.
app/admin/page.tsx(617,11): error TS17004: Cannot use JSX unless the '--jsx' flag is provided.
app/admin/page.tsx(618,13): error TS17004: Cannot use JSX unless the '--jsx' flag is provided.
app/admin/page.tsx(619,13): error TS17004: Cannot use JSX unless the '--jsx' flag is provided.
app/admin/page.tsx(620,13): error TS17004: Cannot use JSX unless the '--jsx' flag is provided.
app/admin/page.tsx(628,11): error TS17004: Cannot use JSX unless the '--jsx' flag is provided.
app/admin/page.tsx(629,13): error TS17004: Cannot use JSX unless the '--jsx' flag is provided.
app/admin/page.tsx(630,15): error TS17004: Cannot use JSX unless the '--jsx' flag is provided.
app/admin/page.tsx(631,17): error TS17004: Cannot use JSX unless the '--jsx' flag is provided.
app/admin/page.tsx(634,17): error TS17004: Cannot use JSX unless the '--jsx' flag is provided.
app/admin/page.tsx(639,15): error TS17004: Cannot use JSX unless the '--jsx' flag is provided.
app/admin/page.tsx(640,17): error TS17004: Cannot use JSX unless the '--jsx' flag is provided.
app/admin/page.tsx(650,13): error TS17004: Cannot use JSX unless the '--jsx' flag is provided.
app/admin/page.tsx(651,15): error TS17004: Cannot use JSX unless the '--jsx' flag is provided.
app/admin/page.tsx(652,17): error TS17004: Cannot use JSX unless the '--jsx' flag is provided.
app/admin/page.tsx(653,19): error TS17004: Cannot use JSX unless the '--jsx' flag is provided.
app/admin/page.tsx(654,21): error TS17004: Cannot use JSX unless the '--jsx' flag is provided.
app/admin/page.tsx(655,23): error TS17004: Cannot use JSX unless the '--jsx' flag is provided.
app/admin/page.tsx(660,21): error TS17004: Cannot use JSX unless the '--jsx' flag is provided.
app/admin/page.tsx(661,21): error TS17004: Cannot use JSX unless the '--jsx' flag is provided.
app/admin/page.tsx(662,21): error TS17004: Cannot use JSX unless the '--jsx' flag is provided.
app/admin/page.tsx(663,21): error TS17004: Cannot use JSX unless the '--jsx' flag is provided.
app/admin/page.tsx(664,21): error TS17004: Cannot use JSX unless the '--jsx' flag is provided.
app/admin/page.tsx(665,21): error TS17004: Cannot use JSX unless the '--jsx' flag is provided.
app/admin/page.tsx(666,21): error TS17004: Cannot use JSX unless the '--jsx' flag is provided.
app/admin/page.tsx(667,21): error TS17004: Cannot use JSX unless the '--jsx' flag is provided.
app/admin/page.tsx(668,21): error TS17004: Cannot use JSX unless the '--jsx' flag is provided.
app/admin/page.tsx(669,21): error TS17004: Cannot use JSX unless the '--jsx' flag is provided.
app/admin/page.tsx(672,17): error TS17004: Cannot use JSX unless the '--jsx' flag is provided.
app/admin/page.tsx(689,23): error TS17004: Cannot use JSX unless the '--jsx' flag is provided.
app/admin/page.tsx(690,25): error TS17004: Cannot use JSX unless the '--jsx' flag is provided.
app/admin/page.tsx(700,27): error TS17004: Cannot use JSX unless the '--jsx' flag is provided.
app/admin/page.tsx(701,29): error TS17004: Cannot use JSX unless the '--jsx' flag is provided.
app/admin/page.tsx(709,27): error TS17004: Cannot use JSX unless the '--jsx' flag is provided.
app/admin/page.tsx(712,27): error TS17004: Cannot use JSX unless the '--jsx' flag is provided.
app/admin/page.tsx(713,27): error TS17004: Cannot use JSX unless the '--jsx' flag is provided.
app/admin/page.tsx(714,27): error TS17004: Cannot use JSX unless the '--jsx' flag is provided.
app/admin/page.tsx(715,27): error TS17004: Cannot use JSX unless the '--jsx' flag is provided.
app/admin/page.tsx(716,27): error TS17004: Cannot use JSX unless the '--jsx' flag is provided.
app/admin/page.tsx(717,27): error TS17004: Cannot use JSX unless the '--jsx' flag is provided.
app/admin/page.tsx(718,27): error TS17004: Cannot use JSX unless the '--jsx' flag is provided.
app/admin/page.tsx(721,27): error TS17004: Cannot use JSX unless the '--jsx' flag is provided.
app/admin/page.tsx(724,27): error TS17004: Cannot use JSX unless the '--jsx' flag is provided.
app/admin/page.tsx(725,29): error TS17004: Cannot use JSX unless the '--jsx' flag is provided.
app/admin/page.tsx(726,31): error TS17004: Cannot use JSX unless the '--jsx' flag is provided.
app/admin/page.tsx(734,33): error TS17004: Cannot use JSX unless the '--jsx' flag is provided.
app/admin/page.tsx(736,31): error TS17004: Cannot use JSX unless the '--jsx' flag is provided.
app/admin/page.tsx(744,33): error TS17004: Cannot use JSX unless the '--jsx' flag is provided.
app/admin/page.tsx(751,27): error TS17004: Cannot use JSX unless the '--jsx' flag is provided.
app/admin/page.tsx(752,29): error TS17004: Cannot use JSX unless the '--jsx' flag is provided.
app/admin/page.tsx(756,31): error TS17004: Cannot use JSX unless the '--jsx' flag is provided.
app/admin/page.tsx(757,33): error TS17004: Cannot use JSX unless the '--jsx' flag is provided.
app/admin/page.tsx(758,35): error TS17004: Cannot use JSX unless the '--jsx' flag is provided.
app/admin/page.tsx(761,35): error TS17004: Cannot use JSX unless the '--jsx' flag is provided.
app/admin/page.tsx(763,33): error TS17004: Cannot use JSX unless the '--jsx' flag is provided.
app/admin/page.tsx(764,35): error TS17004: Cannot use JSX unless the '--jsx' flag is provided.
app/admin/page.tsx(767,35): error TS17004: Cannot use JSX unless the '--jsx' flag is provided.
app/admin/page.tsx(769,33): error TS17004: Cannot use JSX unless the '--jsx' flag is provided.
app/admin/page.tsx(770,35): error TS17004: Cannot use JSX unless the '--jsx' flag is provided.
app/admin/page.tsx(773,35): error TS17004: Cannot use JSX unless the '--jsx' flag is provided.
app/admin/page.tsx(775,33): error TS17004: Cannot use JSX unless the '--jsx' flag is provided.
app/admin/page.tsx(776,35): error TS17004: Cannot use JSX unless the '--jsx' flag is provided.
app/admin/page.tsx(779,35): error TS17004: Cannot use JSX unless the '--jsx' flag is provided.
app/admin/page.tsx(783,33): error TS17004: Cannot use JSX unless the '--jsx' flag is provided.
app/admin/page.tsx(784,35): error TS17004: Cannot use JSX unless the '--jsx' flag is provided.
app/admin/page.tsx(787,35): error TS17004: Cannot use JSX unless the '--jsx' flag is provided.
app/admin/page.tsx(791,33): error TS17004: Cannot use JSX unless the '--jsx' flag is provided.
app/admin/page.tsx(792,35): error TS17004: Cannot use JSX unless the '--jsx' flag is provided.
app/admin/page.tsx(795,35): error TS17004: Cannot use JSX unless the '--jsx' flag is provided.
app/admin/page.tsx(801,31): error TS17004: Cannot use JSX unless the '--jsx' flag is provided.
app/admin/page.tsx(802,33): error TS17004: Cannot use JSX unless the '--jsx' flag is provided.
app/admin/page.tsx(806,35): error TS17004: Cannot use JSX unless the '--jsx' flag is provided.
app/admin/page.tsx(811,35): error TS17004: Cannot use JSX unless the '--jsx' flag is provided.
app/admin/page.tsx(818,43): error TS17004: Cannot use JSX unless the '--jsx' flag is provided.
app/admin/page.tsx(826,45): error TS17004: Cannot use JSX unless the '--jsx' flag is provided.
app/admin/page.tsx(835,47): error TS17004: Cannot use JSX unless the '--jsx' flag is provided.
app/admin/page.tsx(837,51): error TS17004: Cannot use JSX unless the '--jsx' flag is provided.
app/admin/page.tsx(839,51): error TS17004: Cannot use JSX unless the '--jsx' flag is provided.
app/admin/page.tsx(841,49): error TS17004: Cannot use JSX unless the '--jsx' flag is provided.
app/admin/page.tsx(842,51): error TS17004: Cannot use JSX unless the '--jsx' flag is provided.
app/admin/page.tsx(848,51): error TS17004: Cannot use JSX unless the '--jsx' flag is provided.
app/admin/page.tsx(855,47): error TS17004: Cannot use JSX unless the '--jsx' flag is provided.
app/admin/page.tsx(863,47): error TS17004: Cannot use JSX unless the '--jsx' flag is provided.
app/admin/page.tsx(864,49): error TS17004: Cannot use JSX unless the '--jsx' flag is provided.
app/admin/page.tsx(865,51): error TS17004: Cannot use JSX unless the '--jsx' flag is provided.
app/admin/page.tsx(868,51): error TS17004: Cannot use JSX unless the '--jsx' flag is provided.
app/admin/page.tsx(873,51): error TS17004: Cannot use JSX unless the '--jsx' flag is provided.
app/admin/page.tsx(874,53): error TS17004: Cannot use JSX unless the '--jsx' flag is provided.
app/admin/page.tsx(877,53): error TS17004: Cannot use JSX unless the '--jsx' flag is provided.
app/admin/page.tsx(882,49): error TS17004: Cannot use JSX unless the '--jsx' flag is provided.
app/admin/page.tsx(883,51): error TS17004: Cannot use JSX unless the '--jsx' flag is provided.
app/admin/page.tsx(886,51): error TS17004: Cannot use JSX unless the '--jsx' flag is provided.
app/admin/page.tsx(895,51): error TS17004: Cannot use JSX unless the '--jsx' flag is provided.
app/admin/page.tsx(896,53): error TS17004: Cannot use JSX unless the '--jsx' flag is provided.
app/admin/page.tsx(899,53): error TS17004: Cannot use JSX unless the '--jsx' flag is provided.
app/api/enrollment/route.ts(1,30): error TS2307: Cannot find module '@/lib/supabase/server' or its corresponding type declarations.
node_modules/.pnpm/next@16.2.3_react-dom@19.2.5_react@19.2.5__react@19.2.5/node_modules/next/dist/build/webpack-config.d.ts(10,104): error TS2694: Namespace '"C:/Users/Vmedia1/Documents/v0-vg-aming-website-development/node_modules/.pnpm/next@16.2.3_react-dom@19.2.5_react@19.2.5__react@19.2.5/node_modules/next/dist/compiled/webpack/webpack".webpack' has no exported member 'RuleSetUseItem'.
node_modules/.pnpm/next@16.2.3_react-dom@19.2.5_react@19.2.5__react@19.2.5/node_modules/next/dist/build/webpack/loaders/next-app-loader/index.d.ts(1,13): error TS2613: Module '"C:/Users/Vmedia1/Documents/v0-vg-aming-website-development/node_modules/.pnpm/next@16.2.3_react-dom@19.2.5_react@19.2.5__react@19.2.5/node_modules/next/dist/compiled/webpack/webpack"' has no default export. Did you mean to use 'import { webpack } from "C:/Users/Vmedia1/Documents/v0-vg-aming-website-development/node_modules/.pnpm/next@16.2.3_react-dom@19.2.5_react@19.2.5__react@19.2.5/node_modules/next/dist/compiled/webpack/webpack"' instead?
node_modules/.pnpm/next@16.2.3_react-dom@19.2.5_react@19.2.5__react@19.2.5/node_modules/next/dist/client/components/error-boundary.d.ts(1,8): error TS1259: Module '"C:/Users/Vmedia1/Documents/v0-vg-aming-website-development/node_modules/.pnpm/@types+react@19.2.14/node_modules/@types/react/index"' can only be default-imported using the 'esModuleInterop' flag
node_modules/.pnpm/next@16.2.3_react-dom@19.2.5_react@19.2.5__react@19.2.5/node_modules/next/dist/client/components/http-access-fallback/error-boundary.d.ts(11,8): error TS1259: Module '"C:/Users/Vmedia1/Documents/v0-vg-aming-website-development/node_modules/.pnpm/@types+react@19.2.14/node_modules/@types/react/index"' can only be default-imported using the 'esModuleInterop' flag
node_modules/.pnpm/next@16.2.3_react-dom@19.2.5_react@19.2.5__react@19.2.5/node_modules/next/dist/client/components/layout-router.d.ts(3,8): error TS1259: Module '"C:/Users/Vmedia1/Documents/v0-vg-aming-website-development/node_modules/.pnpm/@types+react@19.2.14/node_modules/@types/react/index"' can only be default-imported using the 'esModuleInterop' flag
node_modules/.pnpm/next@16.2.3_react-dom@19.2.5_react@19.2.5__react@19.2.5/node_modules/next/dist/client/components/segment-cache/cache.d.ts(104,21): error TS2304: Cannot find name 'PromiseWithResolvers'.
node_modules/.pnpm/next@16.2.3_react-dom@19.2.5_react@19.2.5__react@19.2.5/node_modules/next/dist/client/with-router.d.ts(1,8): error TS1259: Module '"C:/Users/Vmedia1/Documents/v0-vg-aming-website-development/node_modules/.pnpm/@types+react@19.2.14/node_modules/@types/react/index"' can only be default-imported using the 'esModuleInterop' flag
node_modules/.pnpm/next@16.2.3_react-dom@19.2.5_react@19.2.5__react@19.2.5/node_modules/next/dist/lib/metadata/metadata.d.ts(1,8): error TS1259: Module '"C:/Users/Vmedia1/Documents/v0-vg-aming-website-development/node_modules/.pnpm/@types+react@19.2.14/node_modules/@types/react/index"' can only be default-imported using the 'esModuleInterop' flag
node_modules/.pnpm/next@16.2.3_react-dom@19.2.5_react@19.2.5__react@19.2.5/node_modules/next/dist/next-devtools/userspace/pages/pages-dev-overlay-setup.d.ts(1,8): error TS1259: Module '"C:/Users/Vmedia1/Documents/v0-vg-aming-website-development/node_modules/.pnpm/@types+react@19.2.14/node_modules/@types/react/index"' can only be default-imported using the 'esModuleInterop' flag
node_modules/.pnpm/next@16.2.3_react-dom@19.2.5_react@19.2.5__react@19.2.5/node_modules/next/dist/server/app-render/entry-base.d.ts(1,114): error TS2307: Cannot find module 'react-server-dom-webpack/server' or its corresponding type declarations.
node_modules/.pnpm/next@16.2.3_react-dom@19.2.5_react@19.2.5__react@19.2.5/node_modules/next/dist/server/app-render/entry-base.d.ts(2,27): error TS2307: Cannot find module 'react-server-dom-webpack/static' or its corresponding type declarations.
node_modules/.pnpm/next@16.2.3_react-dom@19.2.5_react@19.2.5__react@19.2.5/node_modules/next/dist/server/web/spec-extension/adapters/headers.d.ts(39,16): error TS2304: Cannot find name 'HeadersIterator'.
node_modules/.pnpm/next@16.2.3_react-dom@19.2.5_react@19.2.5__react@19.2.5/node_modules/next/dist/server/web/spec-extension/adapters/headers.d.ts(40,13): error TS2304: Cannot find name 'HeadersIterator'.
node_modules/.pnpm/next@16.2.3_react-dom@19.2.5_react@19.2.5__react@19.2.5/node_modules/next/dist/server/web/spec-extension/adapters/headers.d.ts(41,15): error TS2304: Cannot find name 'HeadersIterator'.
node_modules/.pnpm/next@16.2.3_react-dom@19.2.5_react@19.2.5__react@19.2.5/node_modules/next/dist/server/web/spec-extension/adapters/headers.d.ts(42,26): error TS2304: Cannot find name 'HeadersIterator'.
node_modules/.pnpm/next@16.2.3_react-dom@19.2.5_react@19.2.5__react@19.2.5/node_modules/next/dist/shared/lib/app-router-context.shared-runtime.d.ts(4,8): error TS1259: Module '"C:/Users/Vmedia1/Documents/v0-vg-aming-website-development/node_modules/.pnpm/@types+react@19.2.14/node_modules/@types/react/index"' can only be default-imported using the 'esModuleInterop' flag
node_modules/.pnpm/next@16.2.3_react-dom@19.2.5_react@19.2.5__react@19.2.5/node_modules/next/dist/shared/lib/app-router-types.d.ts(7,13): error TS1259: Module '"C:/Users/Vmedia1/Documents/v0-vg-aming-website-development/node_modules/.pnpm/@types+react@19.2.14/node_modules/@types/react/index"' can only be default-imported using the 'esModuleInterop' flag
node_modules/.pnpm/next@16.2.3_react-dom@19.2.5_react@19.2.5__react@19.2.5/node_modules/next/dist/shared/lib/head-manager-context.shared-runtime.d.ts(1,8): error TS1259: Module '"C:/Users/Vmedia1/Documents/v0-vg-aming-website-development/node_modules/.pnpm/@types+react@19.2.14/node_modules/@types/react/index"' can only be default-imported using the 'esModuleInterop' flag
node_modules/.pnpm/next@16.2.3_react-dom@19.2.5_react@19.2.5__react@19.2.5/node_modules/next/dist/shared/lib/image-config-context.shared-runtime.d.ts(1,8): error TS1259: Module '"C:/Users/Vmedia1/Documents/v0-vg-aming-website-development/node_modules/.pnpm/@types+react@19.2.14/node_modules/@types/react/index"' can only be default-imported using the 'esModuleInterop' flag
node_modules/.pnpm/next@16.2.3_react-dom@19.2.5_react@19.2.5__react@19.2.5/node_modules/next/dist/shared/lib/loadable-context.shared-runtime.d.ts(1,8): error TS1259: Module '"C:/Users/Vmedia1/Documents/v0-vg-aming-website-development/node_modules/.pnpm/@types+react@19.2.14/node_modules/@types/react/index"' can only be default-imported using the 'esModuleInterop' flag
node_modules/.pnpm/next@16.2.3_react-dom@19.2.5_react@19.2.5__react@19.2.5/node_modules/next/dist/shared/lib/loadable.shared-runtime.d.ts(21,8): error TS1259: Module '"C:/Users/Vmedia1/Documents/v0-vg-aming-website-development/node_modules/.pnpm/@types+react@19.2.14/node_modules/@types/react/index"' can only be default-imported using the 'esModuleInterop' flag
node_modules/.pnpm/next@16.2.3_react-dom@19.2.5_react@19.2.5__react@19.2.5/node_modules/next/dist/shared/lib/router-context.shared-runtime.d.ts(1,8): error TS1259: Module '"C:/Users/Vmedia1/Documents/v0-vg-aming-website-development/node_modules/.pnpm/@types+react@19.2.14/node_modules/@types/react/index"' can only be default-imported using the 'esModuleInterop' flag
node_modules/.pnpm/next@16.2.3_react-dom@19.2.5_react@19.2.5__react@19.2.5/node_modules/next/dist/shared/lib/server-inserted-html.shared-runtime.d.ts(1,8): error TS1259: Module '"C:/Users/Vmedia1/Documents/v0-vg-aming-website-development/node_modules/.pnpm/@types+react@19.2.14/node_modules/@types/react/index"' can only be default-imported using the 'esModuleInterop' flag
node_modules/.pnpm/next@16.2.3_react-dom@19.2.5_react@19.2.5__react@19.2.5/node_modules/next/dist/shared/lib/utils.d.ts(10,13): error TS1192: Module '"fs"' has no default export.
